Progress: resolved 1, reused 0, downloaded 0, added 0
Packages: +96
++++++++++++++++++++++++++++++++++++++++++++++++++++++++++++++++++++++++++++++++
Packages are cloned from the content-addressable store to the virtual store.
  Content-addressable store is at: /Users/megumi/Library/pnpm/store/v11
  Virtual store is at:             node_modules/.pnpm
Progress: resolved 174, reused 96, downloaded 0, added 96, done
[WARN] Issues with peer dependencies found. Run "pnpm peers check" to list them.

dependencies:
+ @finesoft/front 0.5.1
+ react 19.3.0
+ react-dom 19.3.0
+ vite <- @voidzero-dev/vite-plus-core 0.2.8 (0.3.3 is available)

devDependencies:
+ @hono/node-server 2.1.1
+ @types/node 22.20.4 (26.6.2 is available)
+ @types/react 19.3.0
+ @types/react-dom 19.3.0
+ @vitejs/plugin-react 6.1.1
+ hono 4.13.8
+ typescript 6.0.3 (7.0.2 is available)
+ vite-plus 0.2.8 (0.3.3 is available)

Done in 712ms using pnpm v11.20.0
